// Jest Snapshot v1, https://goo.gl/fbAQLP

exports[`Prueba de <GifsItem/> debe de hacer match con el snapshop 1`] = `
<div>
  <div
    class="card"
  >
    <h4>
      saitama
    </h4>
    <img
      alt="saitama"
      src="https://one-punch.com/saitama.jsg"
    />
  </div>
</div>
`;
