// Jest Snapshot v1, https://goo.gl/fbAQLP

exports[`Pruebas de <HomePage/> debe de hacer match con el snapshot 1`] = `
<div>
  <h1>
    HomePage 
    <small />
  </h1>
  <hr />
  <pre
    aria-label="pre"
  >
    null
  </pre>
</div>
`;
