// Jest Snapshot v1, https://goo.gl/fbAQLP

exports[`Pruebas de <LoginPage/> bede de hacer match con el snapshot 1`] = `
<div>
  <h1>
    LoginPage
  </h1>
  <hr />
  <pre
    aria-label="pre"
  >
    null
  </pre>
  <button
    aria-label="btnSetUser"
    class="btn btn-primary"
  >
    establecer usuario
  </button>
</div>
`;
