// Jest Snapshot v1, https://goo.gl/fbAQLP

exports[`Pruebass de GitExpertApp  1`] = `
<div>
  <h1>
    GitExpertApp
  </h1>
  <form
    aria-label="form"
  >
    <input
      placeholder="buscar gifs"
      type="text"
      value=""
    />
  </form>
  <h3>
    one Punch
  </h3>
  <h2>
    cargando...
  </h2>
  <div
    class="card-grid"
  />
</div>
`;
