// Jest Snapshot v1, https://goo.gl/fbAQLP

exports[`Pruebas en el <CounterApp/> debe de hacer match con el snapshot 1`] = `
<div>
  <h1>
    CounterApp
  </h1>
  <h2>
     
     
  </h2>
  <button
    aria-label="btnIncrement"
  >
     +1 
  </button>
  <button
    aria-label="btnDecrement"
  >
     -1 
  </button>
  <button
    aria-label="btnReset"
  >
     Reset 
  </button>
</div>
`;
