// Jest Snapshot v1, https://goo.gl/fbAQLP

exports[`Pruebas de <MultipleCustomHooks/>  debe de hacer match con el sanpshot 1`] = `
<div>
  <h1>
    BreakingBad Qoutes
  </h1>
  <hr />
  <div
    class="alert alert-info text-center"
  >
    Loading....
  </div>
  <button
    class="btn btn-primary"
    disabled=""
  >
    next quote
  </button>
  <button
    class="btn btn-primary"
    disabled=""
  >
    back quote
  </button>
  <button
    class="btn btn-primary"
    disabled=""
  >
    reset quote
  </button>
</div>
`;
